<html>
<body>
<pre>
<h1>µVision Build Log</h1>
<h2>Tool Versions:</h2>
IDE-Version: µVision V5.27.1.0
Copyright (C) 2019 ARM Ltd and ARM Germany GmbH. All rights reserved.
License Information: Marek Sudo³, Politechnika Gdañska, LIC=----
 
Tool Versions:
Toolchain:       MDK-Lite  Version: 5.27.1.0
Toolchain Path:  C:\Keil_v5\ARM\ARMCC\Bin
C Compiler:      Armcc.exe V5.06 update 6 (build 750)
Assembler:       Armasm.exe V5.06 update 6 (build 750)
Linker/Locator:  ArmLink.exe V5.06 update 6 (build 750)
Library Manager: ArmAr.exe V5.06 update 6 (build 750)
Hex Converter:   FromElf.exe V5.06 update 6 (build 750)
CPU DLL:         SARMCM3.DLL V5.27.1.0
Dialog DLL:      DCM.DLL V1.17.2.0
Target DLL:      STLink\ST-LINKIII-KEIL_SWO.dll V3.0.6.0
Dialog DLL:      TCM.DLL V1.36.1.0
 
<h2>Project:</h2>
C:\Projekty STM32\klawiatura\MDK-ARM\klawiatura.uvprojx
Project File Date:  05/17/2019

<h2>Output:</h2>
*** Using Compiler 'V5.06 update 6 (build 750)', folder: 'C:\Keil_v5\ARM\ARMCC\Bin'
Build target 'klawiatura'
assembling startup_stm32f334x8.s...
compiling stm32f3xx_it.c...
compiling main.c...
compiling MY_Keypad4x4.c...
compiling stm32f3xx_hal_msp.c...
compiling stm32f3xx_hal_tim_ex.c...
compiling stm32f3xx_hal_tim.c...
compiling stm32f3xx_hal.c...
compiling stm32f3xx_hal_rcc_ex.c...
compiling stm32f3xx_hal_rcc.c...
compiling stm32f3xx_hal_cortex.c...
compiling stm32f3xx_hal_dma.c...
compiling stm32f3xx_hal_gpio.c...
compiling stm32f3xx_hal_pwr_ex.c...
compiling stm32f3xx_hal_pwr.c...
compiling stm32f3xx_hal_flash.c...
compiling stm32f3xx_hal_flash_ex.c...
compiling stm32f3xx_hal_i2c_ex.c...
compiling stm32f3xx_hal_i2c.c...
compiling system_stm32f3xx.c...
linking...
Program Size: Code=3980 RO-data=536 RW-data=84 ZI-data=1092  
FromELF: creating hex file...
"klawiatura\klawiatura.axf" - 0 Error(s), 0 Warning(s).

<h2>Software Packages used:</h2>

Package Vendor: ARM
                http://www.keil.com/pack/ARM.CMSIS.5.5.1.pack
                ARM.CMSIS.5.5.1
                CMSIS (Cortex Microcontroller Software Interface Standard)
   * Component: CORE Version: 5.2.0

Package Vendor: Keil
                http://www.keil.com/pack/Keil.STM32F3xx_DFP.2.1.0.pack
                Keil.STM32F3xx_DFP.2.1.0
                STMicroelectronics STM32F3 Series Device Support and Examples

<h2>Collection of Component include folders:</h2>
  .\RTE\_klawiatura
  C:\Users\Marek Sudo³\AppData\Local\Arm\Packs\ARM\CMSIS\5.5.1\CMSIS\Core\Include
  C:\Users\Marek Sudo³\AppData\Local\Arm\Packs\Keil\STM32F3xx_DFP\2.1.0\Drivers\CMSIS\Device\ST\STM32F3xx\Include

<h2>Collection of Component Files used:</h2>

   * Component: ARM::CMSIS:CORE:5.2.0
Build Time Elapsed:  00:00:21
</pre>
</body>
</html>
